// Jest Snapshot v1, https://goo.gl/fbAQLP

exports[`renders DailyQuote correctly 1`] = `
<DocumentFragment>
  <div
    class="quoteContainer"
  >
    <p>
      Bitte melde dich an, um das inspirierende Zitat des Tages und die Wohlf√ºhl-Tipps zu sehen.
    </p>
    <a
      class="resourceButton"
      href="/login"
    >
      Zum Login
    </a>
  </div>
</DocumentFragment>
`;
